 time   3.0969314813027355E-004 dpa   4.7871000000000003E-006 steps         790
 Cascades/Frenkel pairs        1620 He implant events          24 computation time  0.190450996    
 Fraction null steps  0.62278481012658227     

 HeNum          14 Conc   3.4999999999999999E-006 At.%   4.1370000000000006E-008
 VNum        1215 Conc   3.0374999999999998E-004 At.%   3.5903249999999998E-006
 Voids           0 Conc   0.0000000000000000      At.%   0.0000000000000000     
 SIANum        1025 Conc   2.5625000000000002E-004 At.%   3.0288750000000003E-006
 Loops           0 Conc   0.0000000000000000      At.%   0.0000000000000000     
 AverageHeSize   1.0000000000000000     
 AverageVSize   1.0000000000000000     
 AverageSIASize   1.0585365853658537     
 AverageVoidSize                       NaN
 AverageLoopSize                       NaN
 PercentHeRetained  0.58333333333333337     
 PercentVRetained  0.75000000000000000     
 PercentVAnnihilated  0.25000000000000000     
 NumReactionsCoarse       20364
 NumReactionsFine           0
 AverageTimestep   3.9201664320287793E-007

 time   6.1777430775562770E-004 dpa   1.0357275000000000E-005 steps        2154
 Cascades/Frenkel pairs        3505 He implant events          46 computation time  0.436368018    
 Fraction null steps  0.61838440111420612     

 HeNum          24 Conc   6.0000000000000002E-006 At.%   7.0920000000000016E-008
 VNum        2081 Conc   5.2024999999999999E-004 At.%   6.1493550000000002E-006
 Voids           0 Conc   0.0000000000000000      At.%   0.0000000000000000     
 SIANum        1462 Conc   3.6549999999999999E-004 At.%   4.3202100000000004E-006
 Loops           0 Conc   0.0000000000000000      At.%   0.0000000000000000     
 AverageHeSize   1.0000000000000000     
 AverageVSize   1.0000000000000000     
 AverageSIASize   1.1655266757865936     
 AverageVoidSize                       NaN
 AverageLoopSize                       NaN
 PercentHeRetained  0.52173913043478259     
 PercentVRetained  0.59372325249643365     
 PercentVAnnihilated  0.40627674750356635     
 NumReactionsCoarse       25527
 NumReactionsFine           0
 AverageTimestep   2.8680329979369904E-007

 time   1.2350432879545650E-003 dpa   2.0880030000000002E-005 steps        5474
 Cascades/Frenkel pairs        7066 He implant events          92 computation time   1.03670001    
 Fraction null steps  0.66532700036536352     

 HeNum          59 Conc   1.4749999999999999E-005 At.%   1.7434499999999999E-007
 VNum        3041 Conc   7.6024999999999997E-004 At.%   8.9861550000000007E-006
 Voids           0 Conc   0.0000000000000000      At.%   0.0000000000000000     
 SIANum        1456 Conc   3.6400000000000001E-004 At.%   4.3024800000000002E-006
 Loops           0 Conc   0.0000000000000000      At.%   0.0000000000000000     
 AverageHeSize   1.0169491525423728     
 AverageVSize   1.0000000000000000     
 AverageSIASize   1.4690934065934067     
 AverageVoidSize                       NaN
 AverageLoopSize                       NaN
 PercentHeRetained  0.65217391304347827     
 PercentVRetained  0.43037078969714126     
 PercentVAnnihilated  0.56962921030285874     
 NumReactionsCoarse       29006
 NumReactionsFine           0
 AverageTimestep   2.2561989184409298E-007

 time   2.4699008052008853E-003 dpa   4.1183834999999999E-005 steps       17985
 Cascades/Frenkel pairs       13937 He implant events         165 computation time   3.26746392    
 Fraction null steps  0.78259660828468169     

 HeNum         105 Conc   2.6250000000000001E-005 At.%   3.1027500000000002E-007
 VNum        4487 Conc   1.1217499999999999E-003 At.%   1.3259085000000000E-005
 Voids           0 Conc   0.0000000000000000      At.%   0.0000000000000000     
 SIANum        1268 Conc   3.1700000000000001E-004 At.%   3.7469400000000003E-006
 Loops           0 Conc   0.0000000000000000      At.%   0.0000000000000000     
 AverageHeSize   1.0761904761904761     
 AverageVSize   1.0008914642299978     
 AverageSIASize   1.8414826498422714     
 AverageVoidSize                       NaN
 AverageLoopSize                       NaN
 PercentHeRetained  0.68484848484848482     
 PercentVRetained  0.32223577527444930     
 PercentVAnnihilated  0.67776422472555065     
 NumReactionsCoarse       31106
 NumReactionsFine           0
 AverageTimestep   1.3733115402840618E-007

 time   4.9396188221306906E-003 dpa   8.1159074999999998E-005 steps       40494
 Cascades/Frenkel pairs       27465 He implant events         287 computation time   7.34687805    
 Fraction null steps  0.81231787425297575     

 HeNum         189 Conc   4.7250000000000003E-005 At.%   5.5849500000000011E-007
 VNum        6653 Conc   1.6632500000000000E-003 At.%   1.9659615000000002E-005
 Voids           0 Conc   0.0000000000000000      At.%   0.0000000000000000     
 SIANum        1098 Conc   2.7450000000000000E-004 At.%   3.2445900000000000E-006
 Loops           0 Conc   0.0000000000000000      At.%   0.0000000000000000     
 AverageHeSize   1.0793650793650793     
 AverageVSize   1.0018036975800391     
 AverageSIASize   1.9945355191256831     
 AverageVoidSize                       NaN
 AverageLoopSize                       NaN
 PercentHeRetained  0.71080139372822304     
 PercentVRetained  0.24267249226288004     
 PercentVAnnihilated  0.75732750773711999     
 NumReactionsCoarse       32784
 NumReactionsFine           0
 AverageTimestep   1.2198396854177633E-007

 time   9.8778010596318761E-003 dpa   1.6148188500000001E-004 steps       76719
 Cascades/Frenkel pairs       54647 He implant events         604 computation time   13.8306627    
 Fraction null steps  0.82478916565648663     

 HeNum         421 Conc   1.0525000000000000E-004 At.%   1.2440550000000001E-006
 VNum        9549 Conc   2.3872500000000000E-003 At.%   2.8217295000000001E-005
 Voids           0 Conc   0.0000000000000000      At.%   0.0000000000000000     
 SIANum         782 Conc   1.9550000000000001E-004 At.%   2.3108100000000002E-006
 Loops           0 Conc   0.0000000000000000      At.%   0.0000000000000000     
 AverageHeSize   1.0855106888361046     
 AverageVSize   1.0026180751911196     
 AverageSIASize   1.9565217391304348     
 AverageVoidSize                       NaN
 AverageLoopSize                       NaN
 PercentHeRetained  0.75662251655629142     
 PercentVRetained  0.17519717459329881     
 PercentVAnnihilated  0.82474792760810289     
 NumReactionsCoarse       33847
 NumReactionsFine           0
 AverageTimestep   1.2875299547220215E-007

 time   1.9753432162147345E-002 dpa   3.2037814500000003E-004 steps      123727
 Cascades/Frenkel pairs      108419 He implant events        1252 computation time   22.2615337    
 Fraction null steps  0.80894226805790170     

 HeNum         767 Conc   1.9175000000000000E-004 At.%   2.2664850000000005E-006
 VNum       12686 Conc   3.1714999999999998E-003 At.%   3.7487129999999998E-005
 Voids           0 Conc   0.0000000000000000      At.%   0.0000000000000000     
 SIANum         530 Conc   1.3250000000000000E-004 At.%   1.5661500000000002E-006
 Loops           0 Conc   0.0000000000000000      At.%   0.0000000000000000     
 AverageHeSize   1.2568448500651890     
 AverageVSize   1.0095380734668138     
 AverageSIASize   1.8754716981132076     
 AverageVoidSize                       NaN
 AverageLoopSize                       NaN
 PercentHeRetained  0.76996805111821087     
 PercentVRetained  0.11812505188205019     
 PercentVAnnihilated  0.88175504293527884     
 NumReactionsCoarse       35038
 NumReactionsFine           0
 AverageTimestep   1.5965336718862774E-007

 time   3.9506627880563944E-002 dpa   6.4228698000000004E-004 steps      185279
 Cascades/Frenkel pairs      217356 He implant events        2579 computation time   34.0434875    
 Fraction null steps  0.77790791185185582     

 HeNum        1256 Conc   3.1399999999999999E-004 At.%   3.7114800000000003E-006
 VNum       16835 Conc   4.2087499999999998E-003 At.%   4.9747424999999999E-005
 Voids           0 Conc   0.0000000000000000      At.%   0.0000000000000000     
 SIANum         460 Conc   1.1500000000000000E-004 At.%   1.3593000000000003E-006
 Loops           1 Conc   2.4999999999999999E-007 At.%   2.9550000000000002E-009
 AverageHeSize   1.5804140127388535     
 AverageVSize   1.0181170181170180     
 AverageSIASize   1.7826086956521738     
 AverageVoidSize                       NaN
 AverageLoopSize   23.000000000000000     
 PercentHeRetained  0.76967816983326875     
 PercentVRetained   7.8856806345350486E-002
 PercentVAnnihilated  0.92088095106645318     
 NumReactionsCoarse       37745
 NumReactionsFine           0
 AverageTimestep   2.1322776936708393E-007

 Final Defect State
 time   6.1729436720079280E-002 dpa   1.0041917400000001E-003 steps      238084
 Cascades/Frenkel pairs      339828 He implant events        4012 computation time   44.3176956    
 Fraction null steps  0.75253271954436252     

 HeNum        1652 Conc   4.1300000000000001E-004 At.%   4.8816599999999999E-006
 VNum       19930 Conc   4.9824999999999999E-003 At.%   5.8893150000000004E-005
 Voids           0 Conc   0.0000000000000000      At.%   0.0000000000000000     
 SIANum         322 Conc   8.0500000000000005E-005 At.%   9.5151000000000008E-007
 Loops           1 Conc   2.4999999999999999E-007 At.%   2.9550000000000002E-009
 AverageHeSize   1.8722760290556901     
 AverageVSize   1.0236327145007527     
 AverageSIASize   1.5838509316770186     
 AverageVoidSize                       NaN
 AverageLoopSize   29.000000000000000     
 PercentHeRetained  0.77093718843469594     
 PercentVRetained   6.0033310969078477E-002
 PercentVAnnihilated  0.93965770919406288     
 NumReactionsCoarse       38478
 NumReactionsFine           0
 AverageTimestep   2.5927587204549354E-007

 computation time   44.3524055    
 total steps      238084
 Released all fine mesh defects
