 dpa   4.7871000000000003E-006
 He	V	SIA(mobile)	SIA(sessile)	num
           0           0           0           0           0
           0           0           1           0         970
           0           0           2           0          50
           0           0           3           0           5
           0           1           0           0        1201
           1           1           0           0          14
 HeNum          14 Conc   3.4999999999999995E+021
 VNum        1215 Conc   3.0374999999999996E+023
 Voids           0 Conc   0.0000000000000000     
 SIANum        1025 Conc   2.5624999999999997E+023
 Loops           0 Conc   0.0000000000000000     

 dpa   1.0357275000000000E-005
 He	V	SIA(mobile)	SIA(sessile)	num
           0           0           0           0           0
           0           0           1           0        1272
           0           0           2           0         142
           0           0           3           0          44
           0           0           4           0           4
           0           1           0           0        2057
           1           1           0           0          24
 HeNum          24 Conc   5.9999999999999990E+021
 VNum        2081 Conc   5.2024999999999992E+023
 Voids           0 Conc   0.0000000000000000     
 SIANum        1462 Conc   3.6549999999999998E+023
 Loops           0 Conc   0.0000000000000000     

 dpa   2.0880030000000002E-005
 He	V	SIA(mobile)	SIA(sessile)	num
           0           0           0           0           0
           0           0           1           0        1008
           0           0           2           0         262
           0           0           3           0         137
           0           0           4           0          49
           0           1           0           0        2982
           1           1           0           0          58
           2           1           0           0           1
 HeNum          59 Conc   1.4749999999999998E+022
 VNum        3041 Conc   7.6024999999999996E+023
 Voids           0 Conc   0.0000000000000000     
 SIANum        1456 Conc   3.6399999999999994E+023
 Loops           0 Conc   0.0000000000000000     

 dpa   4.1183834999999999E-005
 He	V	SIA(mobile)	SIA(sessile)	num
           0           0           0           0           0
           0           0           1           0         666
           0           0           2           0         264
           0           0           3           0         211
           0           0           4           0         127
           0           1           0           0        4382
           1           1           0           0          97
           2           1           0           0           4
           2           2           0           0           4
 HeNum         105 Conc   2.6249999999999997E+022
 VNum        4487 Conc   1.1217499999999998E+024
 Voids           0 Conc   0.0000000000000000     
 SIANum        1268 Conc   3.1700000000000000E+023
 Loops           0 Conc   0.0000000000000000     

 dpa   8.1159074999999998E-005
 He	V	SIA(mobile)	SIA(sessile)	num
           0           0           0           0           0
           0           0           0           7           1
           0           0           1           0         521
           0           0           2           0         227
           0           0           3           0         188
           0           0           4           0         161
           0           1           0           0        6463
           0           2           0           0           1
           1           1           0           0         175
           2           1           0           0           3
           2           2           0           0          10
           3           2           0           0           1
 HeNum         189 Conc   4.7249999999999999E+022
 VNum        6653 Conc   1.6632499999999998E+024
 Voids           0 Conc   0.0000000000000000     
 SIANum        1098 Conc   2.7449999999999996E+023
 Loops           0 Conc   0.0000000000000000     

 dpa   1.6148188500000001E-004
 He	V	SIA(mobile)	SIA(sessile)	num
           0           0           0           0           0
           0           0           0          10           1
           0           0           1           0         385
           0           0           2           0         155
           0           0           3           0         139
           0           0           4           0         102
           0           1           0           0        9128
           1           1           0           0         390
           2           1           0           0           5
           2           2           0           0          21
           3           1           0           0           1
           3           2           0           0           4
 HeNum         421 Conc   1.0525000000000000E+023
 VNum        9549 Conc   2.3872499999999996E+024
 Voids           0 Conc   0.0000000000000000     
 SIANum         782 Conc   1.9549999999999998E+023
 Loops           0 Conc   0.0000000000000000     

 dpa   3.2037814500000003E-004
 He	V	SIA(mobile)	SIA(sessile)	num
           0           0           0           0           0
           0           0           0          14           1
           0           0           1           0         273
           0           0           2           0         114
           0           0           3           0          89
           0           0           4           0          53
           0           1           0           0       11919
           1           1           0           0         620
           2           1           0           0          17
           2           2           0           0          95
           3           1           0           0           7
           3           2           0           0          17
           4           1           0           0           2
           4           2           0           0           5
           4           3           0           0           1
           5           1           0           0           2
           6           3           0           0           1
 HeNum         767 Conc   1.9174999999999999E+023
 VNum       12686 Conc   3.1714999999999999E+024
 Voids           0 Conc   0.0000000000000000     
 SIANum         530 Conc   1.3249999999999999E+023
 Loops           0 Conc   0.0000000000000000     

 dpa   6.4228698000000004E-004
 He	V	SIA(mobile)	SIA(sessile)	num
           0           0           0           0           0
           0           0           0          23           1
           0           0           1           0         270
           0           0           2           0          82
           0           0           3           0          65
           0           0           4           0          42
           0           1           0           0       15579
           0           2           0           0           1
           1           0           0           0           1
           1           1           0           0         873
           1           3           0           0           1
           2           1           0           0          20
           2           2           0           0         182
           3           1           0           0          20
           3           2           0           0          69
           4           1           0           0          12
           4           2           0           0          34
           4           3           0           0           1
           5           1           0           0          18
           5           2           0           0           3
           5           3           0           0           3
           6           1           0           0           6
           6           2           0           0           3
           6           3           0           0           1
           7           1           0           0           5
           8           1           0           0           1
           8           2           0           0           1
          10           1           0           0           2
 HeNum        1256 Conc   3.1400000000000000E+023
 VNum       16835 Conc   4.2087499999999998E+024
 Voids           0 Conc   0.0000000000000000     
 SIANum         460 Conc   1.1499999999999999E+023
 Loops           1 Conc   2.4999999999999997E+020

 Final Defect State
 dpa   1.0041917400000001E-003
 He	V	SIA(mobile)	SIA(sessile)	num
           0           0           0           0           0
           0           0           0          29           1
           0           0           1           0         206
           0           0           2           0          77
           0           0           3           0          31
           0           0           4           0           7
           0           1           0           0       18275
           0           2           0           0           3
           1           1           0           0        1033
           1           2           0           0           1
           2           1           0           0          19
           2           2           0           0         252
           3           1           0           0          19
           3           2           0           0         119
           4           1           0           0          11
           4           2           0           0          66
           4           3           0           0           3
           5           1           0           0          53
           5           2           0           0          11
           5           3           0           0           1
           6           1           0           0          25
           6           2           0           0           4
           6           3           0           0           1
           7           1           0           0          10
           7           2           0           0           2
           7           3           0           0           1
           8           1           0           0           6
           9           1           0           0          10
           9           2           0           0           1
          10           1           0           0           4
 HeNum        1652 Conc   4.1299999999999993E+023
 VNum       19930 Conc   4.9824999999999992E+024
 Voids           0 Conc   0.0000000000000000     
 SIANum         322 Conc   8.0499999999999995E+022
 Loops           1 Conc   2.4999999999999997E+020

 Released all fine mesh defects
