 dpa   6.1471450277793001E-002
 He	V	SIA(mobile)	SIA(sessile)	num
           0           0           0           0           0
           0           0           0           5           1
           0           0           0          26           1
           0           0           0          29           1
           0           0           1           0         194
           0           0           2           0          76
           0           0           3           0          44
           0           0           4           0          15
           0           1           0           0       19272
           1           1           0           0        1140
           2           1           0           0          16
           2           2           0           0         249
           3           1           0           0          21
           3           2           0           0         119
           3           3           0           0           1
           4           1           0           0          14
           4           2           0           0          51
           4           3           0           0           6
           5           1           0           0          61
           5           2           0           0           7
           5           3           0           0           1
           6           1           0           0          27
           6           2           0           0           1
           7           1           0           0           8
           7           2           0           0           2
           8           1           0           0           7
           9           1           0           0           1
          10           1           0           0           1
          10           2           0           0           1
 HeNum        1734 Conc   4.3349999999999993E+023
 VNum       21006 Conc   5.2514999999999995E+024
 Voids           0 Conc   0.0000000000000000     
 SIANum         332 Conc   8.2999999999999985E+022
 Loops           2 Conc   4.9999999999999993E+020

 dpa   6.1471450277793001E-002
 He	V	SIA(mobile)	SIA(sessile)	num
           0           0           0           0           0
           0           0           0           5           1
           0           0           0          26           1
           0           0           0          29           1
           0           0           1           0         194
           0           0           2           0          76
           0           0           3           0          44
           0           0           4           0          15
           0           1           0           0       19272
           1           1           0           0        1140
           2           1           0           0          16
           2           2           0           0         249
           3           1           0           0          21
           3           2           0           0         119
           3           3           0           0           1
           4           1           0           0          14
           4           2           0           0          51
           4           3           0           0           6
           5           1           0           0          61
           5           2           0           0           7
           5           3           0           0           1
           6           1           0           0          27
           6           2           0           0           1
           7           1           0           0           8
           7           2           0           0           2
           8           1           0           0           7
           9           1           0           0           1
          10           1           0           0           1
          10           2           0           0           1
 HeNum        1734 Conc   4.3349999999999993E+023
 VNum       21006 Conc   5.2514999999999995E+024
 Voids           0 Conc   0.0000000000000000     
 SIANum         332 Conc   8.2999999999999985E+022
 Loops           2 Conc   4.9999999999999993E+020

 dpa   6.1471450277793001E-002
 He	V	SIA(mobile)	SIA(sessile)	num
           0           0           0           0           0
           0           0           0           5           1
           0           0           0          26           1
           0           0           0          29           1
           0           0           1           0         192
           0           0           2           0          76
           0           0           3           0          44
           0           0           4           0          15
           0           1           0           0       19270
           1           1           0           0        1140
           2           1           0           0          16
           2           2           0           0         249
           3           1           0           0          21
           3           2           0           0         119
           3           3           0           0           1
           4           1           0           0          14
           4           2           0           0          51
           4           3           0           0           6
           5           1           0           0          61
           5           2           0           0           7
           5           3           0           0           1
           6           1           0           0          27
           6           2           0           0           1
           7           1           0           0           8
           7           2           0           0           2
           8           1           0           0           7
           9           1           0           0           1
          10           1           0           0           1
          10           2           0           0           1
 HeNum        1734 Conc   4.3349999999999993E+023
 VNum       21004 Conc   5.2509999999999993E+024
 Voids           0 Conc   0.0000000000000000     
 SIANum         330 Conc   8.2499999999999991E+022
 Loops           2 Conc   4.9999999999999993E+020

 dpa   6.1471450277793001E-002
 He	V	SIA(mobile)	SIA(sessile)	num
           0           0           0           0           0
           0           0           0           5           1
           0           0           0          26           1
           0           0           0          29           1
           0           0           1           0         191
           0           0           2           0          76
           0           0           3           0          44
           0           0           4           0          15
           0           1           0           0       19269
           1           1           0           0        1140
           2           1           0           0          16
           2           2           0           0         249
           3           1           0           0          21
           3           2           0           0         119
           3           3           0           0           1
           4           1           0           0          14
           4           2           0           0          51
           4           3           0           0           6
           5           1           0           0          61
           5           2           0           0           7
           5           3           0           0           1
           6           1           0           0          27
           6           2           0           0           1
           7           1           0           0           8
           7           2           0           0           2
           8           1           0           0           7
           9           1           0           0           1
          10           1           0           0           1
          10           2           0           0           1
 HeNum        1734 Conc   4.3349999999999993E+023
 VNum       21003 Conc   5.2507499999999991E+024
 Voids           0 Conc   0.0000000000000000     
 SIANum         329 Conc   8.2249999999999985E+022
 Loops           2 Conc   4.9999999999999993E+020

 dpa   6.1471450277793001E-002
 He	V	SIA(mobile)	SIA(sessile)	num
           0           0           0           0           0
           0           0           0           5           1
           0           0           0          26           1
           0           0           0          29           1
           0           0           1           0         190
           0           0           2           0          76
           0           0           3           0          44
           0           0           4           0          15
           0           1           0           0       19268
           1           1           0           0        1140
           2           1           0           0          16
           2           2           0           0         249
           3           1           0           0          21
           3           2           0           0         119
           3           3           0           0           1
           4           1           0           0          14
           4           2           0           0          51
           4           3           0           0           6
           5           1           0           0          61
           5           2           0           0           7
           5           3           0           0           1
           6           1           0           0          27
           6           2           0           0           1
           7           1           0           0           8
           7           2           0           0           2
           8           1           0           0           7
           9           1           0           0           1
          10           1           0           0           1
          10           2           0           0           1
 HeNum        1734 Conc   4.3349999999999993E+023
 VNum       21002 Conc   5.2504999999999990E+024
 Voids           0 Conc   0.0000000000000000     
 SIANum         328 Conc   8.1999999999999996E+022
 Loops           2 Conc   4.9999999999999993E+020

 dpa   6.1471450277793001E-002
 He	V	SIA(mobile)	SIA(sessile)	num
           0           0           0           0           0
           0           0           0           5           1
           0           0           0          26           1
           0           0           0          29           1
           0           0           1           0         187
           0           0           2           0          76
           0           0           3           0          44
           0           0           4           0          15
           0           1           0           0       19267
           1           0           0           0           1
           1           1           0           0        1139
           2           1           0           0          16
           2           2           0           0         249
           3           1           0           0          21
           3           2           0           0         119
           3           3           0           0           1
           4           1           0           0          14
           4           2           0           0          51
           4           3           0           0           6
           5           1           0           0          61
           5           2           0           0           7
           5           3           0           0           1
           6           1           0           0          27
           6           2           0           0           1
           7           1           0           0           8
           7           2           0           0           2
           8           1           0           0           7
           9           1           0           0           1
          10           1           0           0           1
          10           2           0           0           1
 HeNum        1734 Conc   4.3349999999999993E+023
 VNum       21000 Conc   5.2499999999999998E+024
 Voids           0 Conc   0.0000000000000000     
 SIANum         325 Conc   8.1249999999999995E+022
 Loops           2 Conc   4.9999999999999993E+020

 dpa   6.1471450277793001E-002
 He	V	SIA(mobile)	SIA(sessile)	num
           0           0           0           0           0
           0           0           0           5           1
           0           0           0          26           1
           0           0           0          29           1
           0           0           1           0         187
           0           0           2           0          76
           0           0           3           0          44
           0           0           4           0          15
           0           1           0           0       19267
           1           0           0           0           1
           1           1           0           0        1139
           2           1           0           0          16
           2           2           0           0         249
           3           1           0           0          21
           3           2           0           0         119
           3           3           0           0           1
           4           1           0           0          14
           4           2           0           0          51
           4           3           0           0           6
           5           1           0           0          61
           5           2           0           0           7
           5           3           0           0           1
           6           1           0           0          27
           6           2           0           0           1
           7           1           0           0           8
           7           2           0           0           2
           8           1           0           0           7
           9           1           0           0           1
          10           1           0           0           1
          10           2           0           0           1
 HeNum        1734 Conc   4.3349999999999993E+023
 VNum       21000 Conc   5.2499999999999998E+024
 Voids           0 Conc   0.0000000000000000     
 SIANum         325 Conc   8.1249999999999995E+022
 Loops           2 Conc   4.9999999999999993E+020

 dpa   6.1745152375740006E-002
 He	V	SIA(mobile)	SIA(sessile)	num
           0           0           0           0           0
           0           0           0           6           3
           0           0           0           7           4
           0           0           0           8           1
           0           0           0          10           1
           0           0           0          26           1
           0           0           0          31           1
           0           0           1           0          16
           0           0           2           0         246
           0           0           3           0         190
           0           0           4           0          78
           0           1           0           0       34900
           0           2           0           0        2596
           0           4           0           0         185
           0           5           0           0         362
           0           6           0           0          59
           0           7           0           0          12
           0           8           0           0          16
           0           9           0           0           9
           0          10           0           0           1
           1           0           1           0          24
           1           0           2           0           8
           1           0           3           0           1
           1           1           0           0         950
           1           3           0           0          76
           1           4           0           0          14
           1           5           0           0           5
           1           6           0           0           1
           1           7           0           0           2
           1           8           0           0           1
           2           0           1           0           2
           2           1           0           0           1
           2           2           0           0         229
           2           3           0           0          20
           2           5           0           0           2
           2           6           0           0           1
           3           1           0           0           3
           3           2           0           0         119
           3           3           0           0          11
           3           4           0           0           3
           3           5           0           0           3
           3           6           0           0           1
           3           7           0           0           1
           4           2           0           0          65
           4           3           0           0           5
           4           4           0           0           6
           4           6           0           0           1
           5           0           1           0           1
           5           1           0           0          57
           5           2           0           0          10
           5           3           0           0           4
           5           4           0           0           1
           6           0           1           0           1
           6           1           0           0          19
           6           2           0           0           7
           7           0           0           0           2
           7           0           2           0           1
           7           1           0           0           7
           7           2           0           0           2
           8           0           0           0           1
           8           1           0           0           5
           8           2           0           0           1
           8           3           0           0           1
          10           1           0           0           2
          10           2           0           0           1
 HeNum        1678 Conc   4.1949999999999995E+023
 VNum       39777 Conc   9.9442499999999998E+024
 Voids           0 Conc   0.0000000000000000     
 SIANum         579 Conc   1.4474999999999998E+023
 Loops           2 Conc   4.9999999999999993E+020

 Final Defect State
 dpa   6.2468950466982004E-002
 He	V	SIA(mobile)	SIA(sessile)	num
           0           0           0           0           0
           0           0           0           5           2
           0           0           0           6           7
           0           0           0           7           5
           0           0           0           8           3
           0           0           0           9           2
           0           0           0          10           4
           0           0           0          12           1
           0           0           0          16           1
           0           0           0          30           1
           0           0           0          31           1
           0           0           1           0           8
           0           0           2           0         184
           0           0           3           0         122
           0           0           4           0          74
           0           1           0           0       56790
           0           2           0           0        8339
           0           4           0           0         403
           0           5           0           0        2114
           0           6           0           0         535
           0           7           0           0         171
           0           8           0           0         146
           0           9           0           0          94
           0          10           0           0          43
           0          11           0           0          19
           0          12           0           0          15
           0          13           0           0           1
           0          14           0           0           2
           0          15           0           0           2
           0          16           0           0           1
           1           0           1           0          46
           1           0           2           0          27
           1           0           3           0           8
           1           0           4           0           3
           1           0           6           0           2
           1           0           7           0           1
           1           0          10           0           1
           1           1           0           0         610
           1           3           0           0         176
           1           4           0           0          76
           1           5           0           0          35
           1           6           0           0          11
           1           7           0           0          11
           1           8           0           0           4
           1          10           0           0           1
           1          11           0           0           1
           1          12           0           0           3
           2           0           1           0           3
           2           0           2           0           4
           2           0           5           0           1
           2           2           0           0         168
           2           3           0           0          45
           2           4           0           0           7
           2           5           0           0          10
           2           6           0           0           9
           2           7           0           0           5
           2           8           0           0           1
           2           9           0           0           1
           3           0           5           0           2
           3           2           0           0          71
           3           3           0           0          33
           3           4           0           0           5
           3           5           0           0           7
           3           6           0           0           6
           3           7           0           0           4
           3           8           0           0           2
           3           9           0           0           3
           3          12           0           0           1
           4           0           1           0           2
           4           2           0           0          42
           4           3           0           0          16
           4           4           0           0           6
           4           5           0           0           3
           4           6           0           0           5
           4           7           0           0           1
           4           8           0           0           1
           4           9           0           0           1
           5           0           1           0           3
           5           0           2           0           3
           5           0           7           0           1
           5           1           0           0          38
           5           2           0           0          18
           5           3           0           0           5
           5           4           0           0           4
           5           5           0           0           3
           5           6           0           0           1
           5           7           0           0           3
           6           0           1           0           1
           6           1           0           0          14
           6           2           0           0          10
           6           3           0           0           2
           6           4           0           0           1
           7           0           0           0           3
           7           0           2           0           1
           7           0           3           0           1
           7           1           0           0           3
           7           2           0           0           2
           7           3           0           0           2
           7           4           0           0           2
           7           6           0           0           1
           7           8           0           0           1
           8           0           0           0           1
           8           0           2           0           1
           8           1           0           0           4
           8           2           0           0           1
           9           1           0           0           1
          10           1           0           0           1
          10           2           0           0           1
          10           4           0           0           1
 HeNum        1615 Conc   4.0374999999999999E+023
 VNum       70175 Conc   1.7543749999999999E+025
 Voids           0 Conc   0.0000000000000000     
 SIANum         526 Conc   1.3149999999999998E+023
 Loops           2 Conc   4.9999999999999993E+020

 Released all fine mesh defects
